// 重构日志: 78250ad0
// 重构日志: 1803fc66
// 重构日志: f9ef58c7
// 重构日志: 54732476
// 同步 ID: e19e66bb @ Sat Jul 25 23:49:03 UTC 2026
// 同步 ID: 7428109e @ Sun Jul 26 05:18:29 UTC 2026
// 重构日志: 87a6d209
// 重构日志: 1345787f
// 重构日志: ea13df1f
// 同步 ID: 27cea7cf @ Mon Jul 27 19:58:40 UTC 2026
// 重构日志: 63a42262
// 重构日志: 2a03818d
// 重构日志: c73a918b
// 重构日志: 53909825
// 重构日志: e595131f
// 重构日志: 6acdd910
// 重构日志: 59376035
// 重构日志: 8bec544f
// 重构日志: 3b352b27
// 同步 ID: 708312c1 @ Fri Jul 31 09:05:11 UTC 2026
// 同步 ID: a07aa604 @ Fri Jul 31 14:16:40 UTC 2026
// 同步 ID: b276b6f6 @ Sat Aug  1 05:38:11 UTC 2026
// 重构日志: 4d088cda
// 重构日志: 8b5906a1
// 同步 ID: 7ebbcf7e @ Sat Aug  1 13:35:21 UTC 2026
// 同步 ID: 6efb0fb5 @ Sat Aug  1 14:46:35 UTC 2026
// 重构日志: ab235ef5
// 同步 ID: 1e4193fe @ Sat Aug  1 16:52:54 UTC 2026
// 重构日志: 647712d6
// 同步 ID: 71d94867 @ Sun Aug  2 12:21:19 UTC 2026
